[11992:13624:0724/110532.122:WARNING:chrome_main_delegate.cc(745)] This is Chrome version 128.0.6613.138 (not a warning)
[11992:5752:0724/110532.149:ERROR:google_update_settings.cc(265)] Failed opening key Software\Chromium to set usagestats; result: 5
[11992:13624:0724/110532.154:WARNING:account_consistency_mode_manager.cc(77)] Desktop Identity Consistency cannot be enabled as no OAuth client ID and client secret have been configured.
[11992:14280:0724/110534.056:WARNING:leveldb_database.cc(141)] Unable to open C:\Users\CGuser\Documents\GitHub\Neec_ShinnosukeIwai_Sandbox\NeecShinnosukeIwai\Saved\webcache_6613\Default\shared_proto_db\metadata: IO error: C:\Users\CGuser\Documents\GitHub\Neec_ShinnosukeIwai_Sandbox\NeecShinnosukeIwai\Saved\webcache_6613\Default\shared_proto_db\metadata/MANIFEST-000001: Unable to create sequential file (ChromeMethodBFE: 7::NewSequentialFile::1)
[11992:14280:0724/110534.062:WARNING:leveldb_database.cc(141)] Unable to open C:\Users\CGuser\Documents\GitHub\Neec_ShinnosukeIwai_Sandbox\NeecShinnosukeIwai\Saved\webcache_6613\Default\shared_proto_db\metadata: IO error: C:\Users\CGuser\Documents\GitHub\Neec_ShinnosukeIwai_Sandbox\NeecShinnosukeIwai\Saved\webcache_6613\Default\shared_proto_db\metadata/MANIFEST-000001: Unable to create sequential file (ChromeMethodBFE: 7::NewSequentialFile::1)
[11992:14280:0724/110534.069:WARNING:leveldb_database.cc(141)] Unable to open C:\Users\CGuser\Documents\GitHub\Neec_ShinnosukeIwai_Sandbox\NeecShinnosukeIwai\Saved\webcache_6613\Default\shared_proto_db\metadata: IO error: C:\Users\CGuser\Documents\GitHub\Neec_ShinnosukeIwai_Sandbox\NeecShinnosukeIwai\Saved\webcache_6613\Default\shared_proto_db\metadata/MANIFEST-000001: Unable to create sequential file (ChromeMethodBFE: 7::NewSequentialFile::1)
[11992:14280:0724/110534.075:WARNING:leveldb_database.cc(141)] Unable to open C:\Users\CGuser\Documents\GitHub\Neec_ShinnosukeIwai_Sandbox\NeecShinnosukeIwai\Saved\webcache_6613\Default\shared_proto_db\metadata: IO error: C:\Users\CGuser\Documents\GitHub\Neec_ShinnosukeIwai_Sandbox\NeecShinnosukeIwai\Saved\webcache_6613\Default\shared_proto_db\metadata/MANIFEST-000001: Unable to create sequential file (ChromeMethodBFE: 7::NewSequentialFile::1)
[11992:10068:0724/110534.299:WARNING:value_store_frontend.cc(47)] Reading ahfgeienlihckogmohjhadlkjgocpleb.alarms from  failed: IO error: .../MANIFEST-000001: Unable to create sequential file (ChromeMethodBFE: 7::NewSequentialFile::1)
[11992:10068:0724/110534.303:WARNING:value_store_frontend.cc(47)] Reading mhjfbmdgcfjbbpaeojofohoefgiehjai.alarms from  failed: IO error: .../MANIFEST-000001: Unable to create sequential file (ChromeMethodBFE: 7::NewSequentialFile::1)
[8304:17956:0724/110534.399:WARNING:frame_impl.cc(430)] virtual CefFrameImpl::SendProcessMessage sent to detached frame 5-F06F838614D20862DBB4873C364C5760 will be ignored
[11656:16908:0724/110534.601:WARNING:codec.cc(525)] Explicitly added H264 constrained baseline to list of supported formats.
[11656:21428:0724/110534.616:WARNING:codec.cc(525)] Explicitly added H264 constrained baseline to list of supported formats.
[11656:21428:0724/110534.616:WARNING:codec.cc(525)] Explicitly added H264 constrained baseline to list of supported formats.
[11656:21428:0724/110534.616:WARNING:codec.cc(525)] Explicitly added H264 constrained baseline to list of supported formats.
[18672:11364:0724/110534.624:WARNING:host_resolver_dns_task.cc(863)] Address list empty after RFC3484 sort
[18672:11364:0724/110534.624:WARNING:host_resolver_dns_task.cc(863)] Address list empty after RFC3484 sort
[18672:11364:0724/110534.626:ERROR:socket_manager.cc(147)] Failed to resolve address for stun.l.google.com., errorcode: -105
[18672:11364:0724/110534.626:ERROR:socket_manager.cc(147)] Failed to resolve address for stun.l.google.com., errorcode: -105
[18672:11364:0724/110534.626:ERROR:socket_manager.cc(147)] Failed to resolve address for stun.l.google.com., errorcode: -105
[18672:11364:0724/110534.626:ERROR:socket_manager.cc(147)] Failed to resolve address for stun.cloudflare.com., errorcode: -105
[18672:11364:0724/110534.626:ERROR:socket_manager.cc(147)] Failed to resolve address for stun.cloudflare.com., errorcode: -105
[18672:11364:0724/110534.626:ERROR:socket_manager.cc(147)] Failed to resolve address for stun.cloudflare.com., errorcode: -105
[11656:21428:0724/110534.626:WARNING:stun_port.cc(442)] Port[fbe400:0:1:0:host:Net[any:0:0:0:x:x:x:x:x/0:Wildcard:id=0]]: StunPort: stun host lookup received error -1
[11656:21428:0724/110534.626:WARNING:stun_port.cc(442)] Port[fbec00:1:1:0:host:Net[any:0:0:0:x:x:x:x:x/0:Wildcard:id=0]]: StunPort: stun host lookup received error -1
[11656:21428:0724/110534.626:WARNING:stun_port.cc(442)] Port[fbf400:2:1:0:host:Net[any:0:0:0:x:x:x:x:x/0:Wildcard:id=0]]: StunPort: stun host lookup received error -1
[11656:21428:0724/110534.627:WARNING:stun_port.cc(442)] Port[fbe400:0:1:0:host:Net[any:0:0:0:x:x:x:x:x/0:Wildcard:id=0]]: StunPort: stun host lookup received error -1
[18672:11364:0724/110534.627:WARNING:host_resolver_dns_task.cc(863)] Address list empty after RFC3484 sort
[11656:21428:0724/110534.627:WARNING:stun_port.cc(442)] Port[fbec00:1:1:0:host:Net[any:0:0:0:x:x:x:x:x/0:Wildcard:id=0]]: StunPort: stun host lookup received error -1
[11656:21428:0724/110534.627:WARNING:stun_port.cc(442)] Port[fbf400:2:1:0:host:Net[any:0:0:0:x:x:x:x:x/0:Wildcard:id=0]]: StunPort: stun host lookup received error -1
[18672:11364:0724/110534.629:ERROR:socket_manager.cc(147)] Failed to resolve address for stun1.l.google.com., errorcode: -105
[18672:11364:0724/110534.629:ERROR:socket_manager.cc(147)] Failed to resolve address for stun1.l.google.com., errorcode: -105
[18672:11364:0724/110534.629:ERROR:socket_manager.cc(147)] Failed to resolve address for stun1.l.google.com., errorcode: -105
[11656:21428:0724/110534.629:WARNING:stun_port.cc(442)] Port[fbe400:0:1:0:host:Net[any:0:0:0:x:x:x:x:x/0:Wildcard:id=0]]: StunPort: stun host lookup received error -1
[11656:21428:0724/110534.629:WARNING:stun_port.cc(442)] Port[fbec00:1:1:0:host:Net[any:0:0:0:x:x:x:x:x/0:Wildcard:id=0]]: StunPort: stun host lookup received error -1
[11656:21428:0724/110534.629:WARNING:stun_port.cc(442)] Port[fbf400:2:1:0:host:Net[any:0:0:0:x:x:x:x:x/0:Wildcard:id=0]]: StunPort: stun host lookup received error -1
[11992:21752:0724/110534.806:WARNING:browser_info.cc(345)] Returning a speculative frame for [7,9]
[11992:13624:0724/110534.839:WARNING:browser_info.cc(345)] Returning a speculative frame for [8,5]
[11992:13624:0724/110534.839:WARNING:browser_info.cc(345)] Returning a speculative frame for [8,5]
[11992:13624:0724/110534.839:WARNING:browser_info.cc(345)] Returning a speculative frame for [8,5]
[11992:13624:0724/110534.839:WARNING:browser_info.cc(345)] Returning a speculative frame for [8,5]
[11992:21752:0724/110534.859:WARNING:browser_info.cc(345)] Returning a speculative frame for [8,5]
[16164:21792:0724/110534.934:WARNING:codec.cc(525)] Explicitly added H264 constrained baseline to list of supported formats.
[16164:22412:0724/110534.960:WARNING:codec.cc(525)] Explicitly added H264 constrained baseline to list of supported formats.
[16164:22412:0724/110534.960:WARNING:codec.cc(525)] Explicitly added H264 constrained baseline to list of supported formats.
[16164:22412:0724/110534.960:WARNING:codec.cc(525)] Explicitly added H264 constrained baseline to list of supported formats.
[18672:11364:0724/110534.965:WARNING:host_resolver_dns_task.cc(863)] Address list empty after RFC3484 sort
[18672:11364:0724/110534.965:WARNING:host_resolver_dns_task.cc(863)] Address list empty after RFC3484 sort
[18672:11364:0724/110534.965:WARNING:host_resolver_dns_task.cc(863)] Address list empty after RFC3484 sort
[18672:11364:0724/110534.965:ERROR:socket_manager.cc(147)] Failed to resolve address for stun.cloudflare.com., errorcode: -105
[18672:11364:0724/110534.965:ERROR:socket_manager.cc(147)] Failed to resolve address for stun.cloudflare.com., errorcode: -105
[18672:11364:0724/110534.965:ERROR:socket_manager.cc(147)] Failed to resolve address for stun.cloudflare.com., errorcode: -105
[18672:11364:0724/110534.965:ERROR:socket_manager.cc(147)] Failed to resolve address for stun1.l.google.com., errorcode: -105
[18672:11364:0724/110534.965:ERROR:socket_manager.cc(147)] Failed to resolve address for stun1.l.google.com., errorcode: -105
[18672:11364:0724/110534.965:ERROR:socket_manager.cc(147)] Failed to resolve address for stun1.l.google.com., errorcode: -105
[18672:11364:0724/110534.965:ERROR:socket_manager.cc(147)] Failed to resolve address for stun.l.google.com., errorcode: -105
[18672:11364:0724/110534.965:ERROR:socket_manager.cc(147)] Failed to resolve address for stun.l.google.com., errorcode: -105
[18672:11364:0724/110534.965:ERROR:socket_manager.cc(147)] Failed to resolve address for stun.l.google.com., errorcode: -105
[16164:22412:0724/110534.966:WARNING:stun_port.cc(442)] Port[f27400:0:1:0:host:Net[any:0:0:0:x:x:x:x:x/0:Wildcard:id=0]]: StunPort: stun host lookup received error -1
[16164:22412:0724/110534.966:WARNING:stun_port.cc(442)] Port[12a4000:1:1:0:host:Net[any:0:0:0:x:x:x:x:x/0:Wildcard:id=0]]: StunPort: stun host lookup received error -1
[16164:22412:0724/110534.967:WARNING:stun_port.cc(442)] Port[12a4400:2:1:0:host:Net[any:0:0:0:x:x:x:x:x/0:Wildcard:id=0]]: StunPort: stun host lookup received error -1
[16164:22412:0724/110534.967:WARNING:stun_port.cc(442)] Port[f27400:0:1:0:host:Net[any:0:0:0:x:x:x:x:x/0:Wildcard:id=0]]: StunPort: stun host lookup received error -1
[16164:22412:0724/110534.967:WARNING:stun_port.cc(442)] Port[12a4000:1:1:0:host:Net[any:0:0:0:x:x:x:x:x/0:Wildcard:id=0]]: StunPort: stun host lookup received error -1
[16164:22412:0724/110534.967:WARNING:stun_port.cc(442)] Port[12a4400:2:1:0:host:Net[any:0:0:0:x:x:x:x:x/0:Wildcard:id=0]]: StunPort: stun host lookup received error -1
[16164:22412:0724/110534.967:WARNING:stun_port.cc(442)] Port[f27400:0:1:0:host:Net[any:0:0:0:x:x:x:x:x/0:Wildcard:id=0]]: StunPort: stun host lookup received error -1
[16164:22412:0724/110534.967:WARNING:stun_port.cc(442)] Port[12a4000:1:1:0:host:Net[any:0:0:0:x:x:x:x:x/0:Wildcard:id=0]]: StunPort: stun host lookup received error -1
[16164:22412:0724/110534.967:WARNING:stun_port.cc(442)] Port[12a4400:2:1:0:host:Net[any:0:0:0:x:x:x:x:x/0:Wildcard:id=0]]: StunPort: stun host lookup received error -1
[16164:21792:0724/110535.802:WARNING:codec.cc(525)] Explicitly added H264 constrained baseline to list of supported formats.
[20976:17936:0724/110741.379:ERROR:shared_image_manager.cc(224)] SharedImageManager::ProduceSkia: Trying to Produce a Skia representation from a non-existent mailbox.
[20976:17936:0724/110741.379:ERROR:shared_image_manager.cc(224)] SharedImageManager::ProduceSkia: Trying to Produce a Skia representation from a non-existent mailbox.
[11992:13624:0724/110942.185:WARNING:pref_notifier_impl.cc(41)] Pref observer for media_router.cast_allow_all_ips found at shutdown.
